AKA      OBJ           761  11-06-98  9:36p AKA.OBJ
BINLOG   OBJ         1,579  11-06-98  9:36p BINLOG.OBJ
BULLETIN OBJ         1,112  11-06-98  9:37p BULLETIN.OBJ
CDROM    OBJ         3,545  11-06-98  9:36p CDROM.OBJ
CHAT     OBJ         4,490  11-06-98  9:36p CHAT.OBJ
CLEANUP  OBJ         3,267  11-06-98  9:36p CLEANUP.OBJ
COMBINED OBJ         2,836  11-06-98  9:36p COMBINED.OBJ
DECKEY   OBJ         2,638  11-06-98  9:36p DECKEY.OBJ
DESQVIEW OBJ           339  11-06-98  9:36p DESQVIEW.OBJ
DL       OBJ        27,106  11-06-98  9:36p DL.OBJ
EGA      OBJ           304  11-06-98  9:36p EGA.OBJ
EVENT    OBJ         1,048  11-06-98  9:36p EVENT.OBJ
EXEC     OBJ         2,419  11-06-98  9:36p EXEC.OBJ
EXECHECK OBJ           335  11-06-98  9:37p EXECHECK.OBJ
FILEAREA OBJ         3,649  11-06-98  9:36p FILEAREA.OBJ
FORWARD  OBJ         2,813  11-06-98  9:36p FORWARD.OBJ
FOSSIL   OBJ           809  11-06-98  9:36p FOSSIL.OBJ
FUZZY    OBJ         1,793  11-06-98  9:37p FUZZY.OBJ
GIF      OBJ         2,467  11-06-98  9:36p GIF.OBJ
HELP     OBJ         2,683  11-06-98  9:36p HELP.OBJ
HUDSON   OBJ        15,481  11-06-98  9:37p HUDSON.OBJ
IMAGE    OBJ           894  11-06-98  9:37p IMAGE.OBJ
INPDATE  OBJ         1,095  11-06-98  9:37p INPDATE.OBJ
IO       OBJ        15,910  11-06-98  9:36p IO.OBJ
JAM      OBJ        14,468  11-06-98  9:37p JAM.OBJ
LANGUAGE OBJ         3,905  11-06-98  9:37p LANGUAGE.OBJ
LASTCALL OBJ           505  11-06-98  9:36p LASTCALL.OBJ
LISTFILE OBJ        19,013  11-06-98  9:36p LISTFILE.OBJ
LOADPEX  OBJ        34,086  11-06-98  9:37p LOADPEX.OBJ
LOGIN    OBJ        16,573  11-06-98  9:36p LOGIN.OBJ
MAILCHK  OBJ         4,349  11-06-98  9:36p MAILCHK.OBJ
MARK     OBJ         3,172  11-06-98  9:37p MARK.OBJ
MCHAT    OBJ         5,586  11-06-98  9:36p MCHAT.OBJ
MENU     OBJ        16,046  11-06-98  9:36p MENU.OBJ
MISC     OBJ         8,489  11-06-98  9:36p MISC.OBJ
MODEM    OBJ        11,355  11-06-98  9:37p MODEM.OBJ
MSG      OBJ         7,351  11-06-98  9:36p MSG.OBJ
MSGAREA  OBJ         3,322  11-06-98  9:36p MSGAREA.OBJ
MSGBASE  OBJ         1,433  11-06-98  9:37p MSGBASE.OBJ
MSGDEL   OBJ           487  11-06-98  9:36p MSGDEL.OBJ
MSGED    OBJ         7,354  11-06-98  9:36p MSGED.OBJ
MSGEXPRT OBJ         4,828  11-06-98  9:36p MSGEXPRT.OBJ
MSGFIND  OBJ         1,190  11-06-98  9:36p MSGFIND.OBJ
MSGMOVE  OBJ         1,273  11-06-98  9:36p MSGMOVE.OBJ
MUSIC    OBJ         1,848  11-06-98  9:36p MUSIC.OBJ
NODELIST OBJ         3,800  11-06-98  9:36p NODELIST.OBJ
ONLINE   OBJ         3,646  11-06-98  9:36p ONLINE.OBJ
PBUSER   OBJ         1,444  11-06-98  9:36p PBUSER.OBJ
PEXCALL  OBJ           242  11-06-98  9:37p PEXCALL.OBJ
POSTMSG  OBJ         1,268  11-06-98  9:37p POSTMSG.OBJ
PROBOARD OBJ        19,002  11-06-98  9:36p PROBOARD.OBJ
PROTOCOL OBJ         2,264  11-06-98  9:36p PROTOCOL.OBJ
QSCANMSG OBJ         6,498  11-06-98  9:36p QSCANMSG.OBJ
QUESTION OBJ         4,658  11-06-98  9:36p QUESTION.OBJ
RAWDIR   OBJ         1,547  11-06-98  9:36p RAWDIR.OBJ
READMSG  OBJ        16,076  11-06-98  9:36p READMSG.OBJ
REPLYMSG OBJ         6,524  11-06-98  9:36p REPLYMSG.OBJ
RIP      OBJ         8,559  11-06-98  9:37p RIP.OBJ
SCANMSG  OBJ         6,610  11-06-98  9:36p SCANMSG.OBJ
SELLANG  OBJ         2,711  11-06-98  9:36p SELLANG.OBJ
SETAREA  OBJ         7,949  11-06-98  9:36p SETAREA.OBJ
SHELL    OBJ        15,958  11-06-98  9:36p SHELL.OBJ
SHOWANS  OBJ         1,379  11-06-98  9:36p SHOWANS.OBJ
SHOWMSG  OBJ         6,823  11-06-98  9:36p SHOWMSG.OBJ
SQUISH   OBJ        12,267  11-06-98  9:37p SQUISH.OBJ
STACKING OBJ           562  11-06-98  9:36p STACKING.OBJ
STRVARS  OBJ         6,503  11-06-98  9:37p STRVARS.OBJ
SYSOPKEY OBJ         3,217  11-06-98  9:36p SYSOPKEY.OBJ
TAG      OBJ         2,173  11-06-98  9:36p TAG.OBJ
TAG_RW   OBJ         1,875  11-06-98  9:37p TAG_RW.OBJ
TERMINAL OBJ         1,549  11-06-98  9:37p TERMINAL.OBJ
TIMELOG  OBJ         1,663  11-06-98  9:36p TIMELOG.OBJ
TIMER    OBJ         5,645  11-06-98  9:36p TIMER.OBJ
TIMESTAT OBJ         2,875  11-06-98  9:36p TIMESTAT.OBJ
TOPS     OBJ         2,441  11-06-98  9:36p TOPS.OBJ
UL       OBJ        20,543  11-06-98  9:36p UL.OBJ
USAGE    OBJ           747  11-06-98  9:37p USAGE.OBJ
USERED   OBJ         2,403  11-06-98  9:36p USERED.OBJ
USERSET  OBJ        14,469  11-06-98  9:36p USERSET.OBJ
USERWIN  OBJ         3,863  11-06-98  9:37p USERWIN.OBJ
VERSION  OBJ         2,811  11-06-98  9:36p VERSION.OBJ
VIEWFILE OBJ           980  11-06-98  9:36p VIEWFILE.OBJ
WORDWRAP OBJ           554  11-06-98  9:36p WORDWRAP.OBJ
WRITEMSG OBJ         9,083  11-06-98  9:36p WRITEMSG.OBJ
ZIP      OBJ         5,233  11-06-98  9:36p ZIP.OBJ
