----------------------------------------------------------------
SOURCE FILE SIZE REPORT FOR 09-06-94 , 04:26:43

PROBOARD.EXE...  25866 ( 603k)
PROCFG.EXE.....   9246 ( 275k)
PBUTIL.EXE.....   3681 (  83k)
PBLIB.LIB......   2816 ( 107k)
CONVERT.EXE....   4227 ( 112k)
TSLIB.LIB......   4882 (  85k)
TSWIN.LIB......   4510 (  99k)

TOTAL LINES..... 55228
TOTAL SIZE...... 1367 Kb
----------------------------------------------------------------
SOURCE FILE SIZE REPORT FOR 09-15-94 , 01:06:26

PROBOARD.EXE...  25858 ( 602k)
PROCFG.EXE.....   9247 ( 275k)
PBUTIL.EXE.....   3681 (  83k)
PBLIB.LIB......   2816 ( 107k)
CONVERT.EXE....   4227 ( 112k)
TSLIB.LIB......   4882 (  85k)
TSWIN.LIB......   4523 (  99k)

TOTAL LINES..... 55234
TOTAL SIZE...... 1367 Kb
----------------------------------------------------------------
SOURCE FILE SIZE REPORT FOR 03-21-95 , 11:39:45

PROBOARD.EXE...  25986 ( 606k)
PROCFG.EXE.....   9368 ( 278k)
PBUTIL.EXE.....   3702 (  82k)
PBLIB.LIB......   2872 ( 109k)
CONVERT.EXE....   4309 ( 115k)
TSLIB.LIB......   4897 (  86k)
TSWIN.LIB......   4536 (  99k)

TOTAL LINES..... 55670
TOTAL SIZE...... 1378 Kb
----------------------------------------------------------------
SOURCE FILE SIZE REPORT FOR 03-28-95 , 15:11:50

PROBOARD.EXE...  26233 ( 612k)
PROCFG.EXE.....   9363 ( 277k)
PBUTIL.EXE.....   3890 (  87k)
PBLIB.LIB......   2921 ( 110k)
CONVERT.EXE....   4378 ( 116k)
TSLIB.LIB......   5229 (  91k)
TSWIN.LIB......   4536 (  99k)

TOTAL LINES..... 56550
TOTAL SIZE...... 1395 Kb
----------------------------------------------------------------
SOURCE FILE SIZE REPORT FOR 05-24-95 , 15:12:39

PROBOARD.EXE...  26530 ( 620k)
PROCFG.EXE.....   9365 ( 277k)
PBUTIL.EXE.....   3902 (  87k)
PBLIB.LIB......   2965 ( 113k)
CONVERT.EXE....   4378 ( 116k)
TSLIB.LIB......   5229 (  91k)
TSWIN.LIB......   4668 ( 102k)

TOTAL LINES..... 57037
TOTAL SIZE...... 1410 Kb
----------------------------------------------------------------
SOURCE FILE SIZE REPORT FOR 06-09-95 , 16:15:19

PROBOARD.EXE...  26579 ( 621k)
PROCFG.EXE.....   9368 ( 277k)
PBUTIL.EXE.....   3902 (  87k)
PBLIB.LIB......   2965 ( 113k)
CONVERT.EXE....   4378 ( 116k)
TSLIB.LIB......   5229 (  91k)
TSWIN.LIB......   4674 ( 102k)

TOTAL LINES..... 57095
TOTAL SIZE...... 1412 Kb
----------------------------------------------------------------
SOURCE FILE SIZE REPORT FOR 06-26-95 , 16:54:04

PROBOARD.EXE...  26602 ( 622k)
PROCFG.EXE.....   9380 ( 279k)
PBUTIL.EXE.....   3902 (  87k)
PBLIB.LIB......   2982 ( 114k)
CONVERT.EXE....   4361 ( 115k)
TSLIB.LIB......   5248 (  91k)
TSWIN.LIB......   4948 ( 107k)

TOTAL LINES..... 57423
TOTAL SIZE...... 1418 Kb
----------------------------------------------------------------
SOURCE FILE SIZE REPORT FOR 06-26-95 , 19:55:15

PROBOARD.EXE...  26719 ( 625k)
PROCFG.EXE.....   9380 ( 279k)
PBUTIL.EXE.....   3904 (  87k)
PBLIB.LIB......   2982 ( 114k)
CONVERT.EXE....   4361 ( 115k)
TSLIB.LIB......   5248 (  91k)
TSWIN.LIB......   4948 ( 107k)

TOTAL LINES..... 57542
TOTAL SIZE...... 1421 Kb
----------------------------------------------------------------
SOURCE FILE SIZE REPORT FOR 10-01-95 , 12:21:37

PROBOARD.EXE...  26689 ( 624k)
PROCFG.EXE.....   9398 ( 280k)
PBUTIL.EXE.....   3922 (  88k)
PBLIB.LIB......   2998 ( 115k)
CONVERT.EXE....   4480 ( 117k)
TSLIB.LIB......   5319 (  93k)
TSWIN.LIB......   4981 ( 107k)

TOTAL LINES..... 57787
TOTAL SIZE...... 1427 Kb
----------------------------------------------------------------
SOURCE FILE SIZE REPORT FOR 10-05-95 , 16:19:31

PROBOARD.EXE...  26774 ( 626k)
PROCFG.EXE.....   9567 ( 284k)
PBUTIL.EXE.....   3922 (  88k)
PBLIB.LIB......   3000 ( 115k)
CONVERT.EXE....   4480 ( 117k)
TSLIB.LIB......   5319 (  93k)
TSWIN.LIB......   5188 ( 110k)

TOTAL LINES..... 58250
TOTAL SIZE...... 1436 Kb
