
 Start  Stop   Length Name               Class

 00000H 04013H 04014H _TEXT              CODE
 04014H 057B5H 017A2H EDITAREA_TEXT      CODE
 057B6H 08366H 02BB1H EDITUSER_TEXT      CODE
 08367H 08565H 001FFH TEMPLATE_TEXT      CODE
 08566H 0AF22H 029BDH AREA_TEXT          CODE
 0AF23H 0B246H 00324H MISC_TEXT          CODE
 0B247H 0B354H 0010EH PB_BOARD_TEXT      CODE
 0B355H 0B688H 00334H PB_FLAGS_TEXT      CODE
 0B689H 0B7CFH 00147H PB_MISC_TEXT       CODE
 0B7D0H 0BAF0H 00321H TH_RECIO_TEXT      CODE
 0BAF1H 0C433H 00943H _OVRTEXT_          CODE
 0C434H 0CB0BH 006D8H PB_LIB_TEXT        CODE
 0CB0CH 0D2ECH 007E1H LANG_TEXT          CODE
 0D2EDH 0FBE3H 028F7H USER_TEXT          CODE
 0FBE4H 1111AH 01537H DATE_TEXT          CODE
 1111BH 11398H 0027EH DIRSCAN_TEXT       CODE
 1139AH 113D1H 00038H FIND_TEXT          CODE
 113D2H 1234FH 00F7EH DSTRING_TEXT       CODE
 12350H 124F0H 001A1H BITARRAY_TEXT      CODE
 124F1H 1256AH 0007AH SOUND_TEXT         CODE
 1256BH 1263EH 000D4H CRC16_TEXT         CODE
 1263FH 12783H 00145H CRC32_TEXT         CODE
 12784H 12B8DH 0040AH FUZZY_TEXT         CODE
 12B8EH 146A5H 01B18H FORM_TEXT          CODE
 146A6H 147BFH 0011AH MSDOS_TEXT         CODE
 147C0H 14CDEH 0051FH FNAME_TEXT         CODE
 14CDFH 16010H 01332H FILE_TEXT          CODE
 16011H 16696H 00686H DIRFUNC_TEXT       CODE
 16697H 167F9H 00163H INIT_TEXT          CODE
 167FAH 1694DH 00154H KEYBOARD_TEXT      CODE
 1694EH 16F0FH 005C2H POPMENU_TEXT       CODE
 16F10H 173B5H 004A6H RECTANG_TEXT       CODE
 173B6H 17EC9H 00B14H SCAN_TEXT          CODE
 17ECAH 18AEBH 00C22H SELECT_TEXT        CODE
 18AECH 1A6C7H 01BDCH WINDOW_TEXT        CODE
 1A6C8H 1AB78H 004B1H PWS_ASM_TEXT       CODE
 1AB79H 1AC95H 0011DH RESTORE_TEXT       CODE
 1AC96H 1AD43H 000AEH GAUGE_TEXT         CODE
 1AD44H 1AF58H 00215H SAVEBUF_TEXT       CODE
 1AF59H 1B115H 001BDH MSGBOX_TEXT        CODE
 1B116H 1B3A4H 0028FH SELBOX_TEXT        CODE
 1B3A5H 1B430H 0008CH TSW_ASM_TEXT       CODE
 1B440H 1B440H 00000H _FARDATA           FAR_DATA
 1B440H 1CBB5H 01776H PROCFG5_DATA       FAR_DATA
 1CBC0H 1CEECH 0032DH EDITMENU5_DATA     FAR_DATA
 1CEF0H 1CEFFH 00010H EDITPVT5_DATA      FAR_DATA
 1CF00H 1D22CH 0032DH LANGUAGE5_DATA     FAR_DATA
 1D230H 1D230H 00000H _FARBSS            FAR_BSS
 1D230H 1D230H 00000H _OVERLAY_          OVRINFO
 1D230H 1D2C6H 00097H _OVRDATA_          OVRINFO
 1D2D0H 1D2EFH 00020H _STUB_             OVRINFO
 1D2F0H 1D2F0H 00000H _EXTSEG_           OVRINFO
 1D2F0H 1D2F0H 00000H _EMSSEG_           OVRINFO
 1D2F0H 1D2F0H 00000H _VDISKSEG_         OVRINFO
 1D2F0H 1D5B7H 002C8H _EXEINFO_          OVRINFO
 1D5C0H 1D5C0H 00000H _1STUB_            STUBSEG
 1D5C0H 1D616H 00057H PROCFG_TEXT        STUBSEG
 1D620H 1D644H 00025H EDITAKA_TEXT       STUBSEG
 1D650H 1D67EH 0002FH EDITLIM_TEXT       STUBSEG
 1D680H 1D6A4H 00025H EDITMAC_TEXT       STUBSEG
 1D6B0H 1D6FCH 0004DH EDITMENU_TEXT      STUBSEG
 1D700H 1D729H 0002AH EDITPB_TEXT        STUBSEG
 1D730H 1D759H 0002AH EDITPROT_TEXT      STUBSEG
 1D760H 1D7BBH 0005CH EDITSYS_TEXT       STUBSEG
 1D7C0H 1D7EEH 0002FH EVENTS_TEXT        STUBSEG
 1D7F0H 1D8B9H 000CAH EDITPVT_TEXT       STUBSEG
 1D8C0H 1D902H 00043H LANGUAGE_TEXT      STUBSEG
 1D910H 1D948H 00039H SEL_LANG_TEXT      STUBSEG
 1D950H 1D9A6H 00057H EXTSEL_TEXT        STUBSEG
 1D9B0H 1D9D4H 00025H FLAGS_TEXT         STUBSEG
 1D9E0H 1DA1DH 0003EH PROMISC_TEXT       STUBSEG
 1DA20H 1DA53H 00034H EDITVTPL_TEXT      STUBSEG
 1DA60H 1DAC5H 00066H EDITGRP_TEXT       STUBSEG
 1DAD0H 1DAF4H 00025H EDITLCOL_TEXT      STUBSEG
 1DB00H 1DB29H 0002AH EDITNODE_TEXT      STUBSEG
 1DB30H 1DB5EH 0002FH MISC_TEXT          STUBSEG
 1DB60H 29A6BH 0BF0CH _DATA              DATA
 29A6CH 29A6DH 00002H _CVTSEG            DATA
 29A6EH 29A73H 00006H _SCNSEG            DATA
 29A74H 29A74H 00000H _CONST             CONST
 29A74H 29AD3H 00060H _INIT_             INITDATA
 29AD4H 29AD4H 00000H _INITEND_          INITDATA
 29AD4H 29AFDH 0002AH _EXIT_             EXITDATA
 29AFEH 29AFEH 00000H _EXITEND_          EXITDATA
 29AFEH 2B627H 01B2AH _BSS               BSS
 2B628H 2B628H 00000H _BSSEND            BSSEND
 2B630H 2B6AFH 00080H _STACK             STACK
 2B6C0H 2DB5DH 0249EH PROCFG_TEXT        :OVY
 2DE70H 2E15AH 002EBH EDITAKA_TEXT       :OVY
 2E190H 2E7AAH 0061BH EDITLIM_TEXT       :OVY
 2E800H 2E904H 00105H EDITMAC_TEXT       :OVY
 2E920H 3196DH 0304EH EDITMENU_TEXT      :OVY
 31BB0H 32460H 008B1H EDITPB_TEXT        :OVY
 32530H 32BE1H 006B2H EDITPROT_TEXT      :OVY
 32C20H 34447H 01828H EDITSYS_TEXT       :OVY
 346B0H 3531EH 00C6FH EVENTS_TEXT        :OVY
 353A0H 37566H 021C7H EDITPVT_TEXT       :OVY
 37790H 38DE0H 01651H LANGUAGE_TEXT      :OVY
 38F80H 395ECH 0066DH SEL_LANG_TEXT      :OVY
 39670H 3A33DH 00CCEH EXTSEL_TEXT        :OVY
 3A360H 3A66AH 0030BH FLAGS_TEXT         :OVY
 3A6A0H 3AEA3H 00804H PROMISC_TEXT       :OVY
 3AF20H 3BFA7H 01088H EDITVTPL_TEXT      :OVY
 3C0C0H 3CA02H 00943H EDITGRP_TEXT       :OVY
 3CAA0H 3D162H 006C3H EDITLCOL_TEXT      :OVY
 3D240H 3D645H 00406H EDITNODE_TEXT      :OVY
 3D6A0H 3D7EEH 0014FH MISC_TEXT          :OVY

Program entry point at 0000:0000

